NodeTypeFile
  end-rune = 45
  input-source = arrow illegal function test
  start-rune = 0
  child-node =>
    NodeTypeDefinition
      definition-name = resource
      end-rune = 45
      input-source = arrow illegal function test
      start-rune = 0
      child-node =>
        NodeTypePermission
          end-rune = 45
          input-source = arrow illegal function test
          relation-name = view
          start-rune = 26
          child-node =>
            NodeTypeError
              end-rune = 45
              error-message = Expected one of keywords any, all; found token TokenTypeIdentifier
              error-source = foo
              input-source = arrow illegal function test
              start-rune = 46
            NodeTypeError
              end-rune = 45
              error-message = Expected right hand expression, found: TokenTypeIdentifier
              error-source = foo
              input-source = arrow illegal function test
              start-rune = 46
          compute-expression =>
            NodeTypeIdentifier
              end-rune = 44
              identifier-value = a
              input-source = arrow illegal function test
              start-rune = 44
        NodeTypeError
          end-rune = 45
          error-message = Expected end of statement or definition, found: TokenTypeIdentifier
          error-source = foo
          input-source = arrow illegal function test
          start-rune = 46
    NodeTypeError
      end-rune = 45
      error-message = Unexpected token at root level: TokenTypeIdentifier
      error-source = foo
      input-source = arrow illegal function test
      start-rune = 46