NodeTypeFile
  end-rune = 20
  input-source = local imports with keyword in import path test
  start-rune = 0
  child-node =>
    NodeTypeImport
      end-rune = 10
      input-source = local imports with keyword in import path test
      start-rune = 0
      child-node =>
        NodeTypeError
          end-rune = 10
          error-message = Expected keyword import, found token TokenTypeKeyword
          error-source = definition
          input-source = local imports with keyword in import path test
          start-rune = 11
      path-segment =>
        NodeTypeIdentifier
          end-rune = 9
          identifier-value = path
          input-source = local imports with keyword in import path test
          start-rune = 6
        NodeTypeIdentifier
          end-rune = 10
          input-source = local imports with keyword in import path test
          start-rune = 11
          child-node =>
            NodeTypeError
              end-rune = 10
              error-message = Expected identifier, found token TokenTypeKeyword
              error-source = definition
              input-source = local imports with keyword in import path test
              start-rune = 11
    NodeTypeDefinition
      end-rune = 20
      input-source = local imports with keyword in import path test
      start-rune = 11
      child-node =>
        NodeTypeError
          end-rune = 20
          error-message = Expected identifier, found token TokenTypePeriod
          error-source = .
          input-source = local imports with keyword in import path test
          start-rune = 21
    NodeTypeError
      end-rune = 20
      error-message = Unexpected token at root level: TokenTypePeriod
      error-source = .
      input-source = local imports with keyword in import path test
      start-rune = 21