NodeTypeFile
  end-rune = 26
  input-source = local imports with import all asterisk and import identifiers
  start-rune = 0
  child-node =>
    NodeTypeImport
      end-rune = 26
      import-all-definitions = 1
      input-source = local imports with import all asterisk and import identifiers
      start-rune = 0
      path-segment =>
        NodeTypeIdentifier
          end-rune = 9
          identifier-value = path
          input-source = local imports with import all asterisk and import identifiers
          start-rune = 6
        NodeTypeIdentifier
          end-rune = 12
          identifier-value = to
          input-source = local imports with import all asterisk and import identifiers
          start-rune = 11
        NodeTypeIdentifier
          end-rune = 17
          identifier-value = user
          input-source = local imports with import all asterisk and import identifiers
          start-rune = 14
    NodeTypeError
      end-rune = 26
      error-message = Unexpected token at root level: TokenTypeComma
      error-source = ,
      input-source = local imports with import all asterisk and import identifiers
      start-rune = 27