NodeTypeFile
  end-rune = 133
  input-source = partials with malformed partial block
  start-rune = 0
  child-node =>
    NodeTypePartial
      end-rune = 69
      input-source = partials with malformed partial block
      partial-name = view_partial
      start-rune = 0
      child-node =>
        NodeTypeRelation
          end-rune = 43
          input-source = partials with malformed partial block
          relation-name = user
          start-rune = 25
          allowed-types =>
            NodeTypeTypeReference
              end-rune = 43
              input-source = partials with malformed partial block
              start-rune = 40
              type-ref-type =>
                NodeTypeSpecificTypeReference
                  end-rune = 43
                  input-source = partials with malformed partial block
                  start-rune = 40
                  type-name = user
        NodeTypePermission
          end-rune = 68
          input-source = partials with malformed partial block
          relation-name = view
          start-rune = 47
          compute-expression =>
            NodeTypeIdentifier
              end-rune = 68
              identifier-value = user
              input-source = partials with malformed partial block
              start-rune = 65
        NodeTypeError
          end-rune = 69
          error-message = Expected end of statement or definition, found: TokenTypeKeyword
          error-source = definition
          input-source = partials with malformed partial block
          start-rune = 72
    NodeTypeDefinition
      definition-name = user
      end-rune = 89
      input-source = partials with malformed partial block
      start-rune = 72
    NodeTypeDefinition
      definition-name = resource
      end-rune = 132
      input-source = partials with malformed partial block
      start-rune = 92
      child-node =>
        NodeTypePartialReference
          end-rune = 130
          input-source = partials with malformed partial block
          partial-reference-name = view_partial
          start-rune = 116