NodeTypeFile
  end-rune = 151
  input-source = self test
  start-rune = 0
  child-node =>
    NodeTypeUseFlag
      end-rune = 7
      input-source = self test
      start-rune = 0
      use-flag-name = self
    NodeTypeDefinition
      definition-name = resource
      end-rune = 151
      input-source = self test
      start-rune = 10
      child-node =>
        NodeTypePermission
          end-rune = 58
          input-source = self test
          relation-name = empty
          start-rune = 36
          compute-expression =>
            NodeTypeSelfExpression
              end-rune = 58
              input-source = self test
              start-rune = 55
        NodeTypePermission
          end-rune = 100
          input-source = self test
          relation-name = another
          start-rune = 64
          compute-expression =>
            NodeTypeUnionExpression
              end-rune = 100
              input-source = self test
              start-rune = 85
              left-expr =>
                NodeTypeUnionExpression
                  end-rune = 94
                  input-source = self test
                  start-rune = 85
                  left-expr =>
                    NodeTypeIdentifier
                      end-rune = 87
                      identifier-value = foo
                      input-source = self test
                      start-rune = 85
                  right-expr =>
                    NodeTypeSelfExpression
                      end-rune = 94
                      input-source = self test
                      start-rune = 91
              right-expr =>
                NodeTypeIdentifier
                  end-rune = 100
                  identifier-value = bar
                  input-source = self test
                  start-rune = 98
        NodeTypePermission
          end-rune = 149
          input-source = self test
          relation-name = third
          start-rune = 106
          compute-expression =>
            NodeTypeExclusionExpression
              end-rune = 149
              input-source = self test
              start-rune = 125
              left-expr =>
                NodeTypeExclusionExpression
                  end-rune = 142
                  input-source = self test
                  start-rune = 125
                  left-expr =>
                    NodeTypeParenthesizedExpression
                      end-rune = 138
                      input-source = self test
                      start-rune = 125
                      inner-expr =>
                        NodeTypeUnionExpression
                          end-rune = 137
                          input-source = self test
                          start-rune = 126
                          left-expr =>
                            NodeTypeUnionExpression
                              end-rune = 130
                              input-source = self test
                              start-rune = 126
                              left-expr =>
                                NodeTypeIdentifier
                                  end-rune = 126
                                  identifier-value = a
                                  input-source = self test
                                  start-rune = 126
                              right-expr =>
                                NodeTypeIdentifier
                                  end-rune = 130
                                  identifier-value = b
                                  input-source = self test
                                  start-rune = 130
                          right-expr =>
                            NodeTypeSelfExpression
                              end-rune = 137
                              input-source = self test
                              start-rune = 134
                  right-expr =>
                    NodeTypeIdentifier
                      end-rune = 142
                      identifier-value = c
                      input-source = self test
                      start-rune = 142
              right-expr =>
                NodeTypeSelfExpression
                  end-rune = 149
                  input-source = self test
                  start-rune = 146