NodeTypeFile
  end-rune = 37
  input-source = use after definition
  start-rune = 0
  child-node =>
    NodeTypeDefinition
      definition-name = resource
      end-rune = 21
      input-source = use after definition
      start-rune = 0
    NodeTypeUseFlag
      end-rune = 37
      input-source = use after definition
      start-rune = 24
      use-flag-name = expiration
      child-node =>
        NodeTypeError
          end-rune = 37
          error-message = `use` expressions must be declared before any definition
          input-source = use after definition
          start-rune = 38