NodeTypeFile
  end-rune = 76
  input-source = empty caveat test
  start-rune = 0
  child-node =>
    NodeTypeDefinition
      definition-name = another
      end-rune = 20
      input-source = empty caveat test
      start-rune = 0
    NodeTypeCaveatDefinition
      caveat-definition-name = somecaveat
      end-rune = 76
      input-source = empty caveat test
      start-rune = 23
      parameters =>
        NodeTypeCaveatParameter
          caveat-parameter-name = somecondition
          end-rune = 58
          input-source = empty caveat test
          start-rune = 41
          caveat-parameter-type =>
            NodeTypeCaveatTypeReference
              end-rune = 58
              input-source = empty caveat test
              start-rune = 55
              type-name = uint
        NodeTypeCaveatParameter
          caveat-parameter-name = somebool
          end-rune = 73
          input-source = empty caveat test
          start-rune = 61
          caveat-parameter-type =>
            NodeTypeCaveatTypeReference
              end-rune = 73
              input-source = empty caveat test
              start-rune = 70
              type-name = bool
    NodeTypeError
      end-rune = 76
      error-message = Unexpected token at root level: TokenTypeRightBrace
      error-source = }
      input-source = empty caveat test
      start-rune = 78