NodeTypeFile
  end-rune = 147
  input-source = partials happy path
  start-rune = 0
  child-node =>
    NodeTypeUseFlag
      end-rune = 10
      input-source = partials happy path
      start-rune = 0
      use-flag-name = partial
    NodeTypePartial
      end-rune = 83
      input-source = partials happy path
      partial-name = view_partial
      start-rune = 13
      child-node =>
        NodeTypeRelation
          end-rune = 56
          input-source = partials happy path
          relation-name = user
          start-rune = 38
          allowed-types =>
            NodeTypeTypeReference
              end-rune = 56
              input-source = partials happy path
              start-rune = 53
              type-ref-type =>
                NodeTypeSpecificTypeReference
                  end-rune = 56
                  input-source = partials happy path
                  start-rune = 53
                  type-name = user
        NodeTypePermission
          end-rune = 81
          input-source = partials happy path
          relation-name = view
          start-rune = 60
          compute-expression =>
            NodeTypeIdentifier
              end-rune = 81
              identifier-value = user
              input-source = partials happy path
              start-rune = 78
    NodeTypeDefinition
      definition-name = user
      end-rune = 103
      input-source = partials happy path
      start-rune = 86
    NodeTypeDefinition
      definition-name = resource
      end-rune = 146
      input-source = partials happy path
      start-rune = 106
      child-node =>
        NodeTypePartialReference
          end-rune = 144
          input-source = partials happy path
          partial-reference-name = view_partial
          start-rune = 130